现在总结一下今天学的两点内容：

初始化一个Git仓库，使用git init命令。

添加文件到Git仓库，分两步：

第一步，使用命令git add <file>，注意，可反复多次使用，添加多个文件；

第二步，使用命令git commit，完成。


Zjl@Zjl-PC MINGW64 ~
$ git config --global user.name honeysme

Zjl@Zjl-PC MINGW64 ~
$ git config --global user.email jixiangjinyumantang@outlook.com

Zjl@Zjl-PC MINGW64 ~
$ cd f:

Zjl@Zjl-PC MINGW64 /f
$ cd workspace

Zjl@Zjl-PC MINGW64 /f/workspace
$ cd repository

Zjl@Zjl-PC MINGW64 /f/workspace/repository
$ mkdir learngit

Zjl@Zjl-PC MINGW64 /f/workspace/repository
$ cd learngit

Zjl@Zjl-PC MINGW64 /f/workspace/repository/learngit
$ pwd
/f/workspace/repository/learngit

Zjl@Zjl-PC MINGW64 /f/workspace/repository/learngit
$ git init
Initialized empty Git repository in F:/workspace/repository/learngit/.git/

Zjl@Zjl-PC MINGW64 /f/workspace/repository/learngit (master)
$ ls -ah
./  ../  .git/

Zjl@Zjl-PC MINGW64 /f/workspace/repository/learngit (master)
$ git add readme.txt

Zjl@Zjl-PC MINGW64 /f/workspace/repository/learngit (master)
$ git commit -m "wrote a readme file"
[master (root-commit) 58e3737] wrote a readme file
 1 file changed, 2 insertions(+)
 create mode 100644 readme.txt

Zjl@Zjl-PC MINGW64 /f/workspace/repository/learngit (master)
$ git add file1.txt

Zjl@Zjl-PC MINGW64 /f/workspace/repository/learngit (master)
$ git add file2.txt

Zjl@Zjl-PC MINGW64 /f/workspace/repository/learngit (master)
$ git add file3.txt

Zjl@Zjl-PC MINGW64 /f/workspace/repository/learngit (master)
$ git commit -m "add 3 files."
[master 222b762] add 3 files.
 3 files changed, 3 insertions(+)
 create mode 100644 file1.txt
 create mode 100644 file2.txt
 create mode 100644 file3.txt

Zjl@Zjl-PC MINGW64 /f/workspace/repository/learngit (master)
$

提交修改
git status
git diff
git add readme.txt
git status
git commit -m "修改说明"

要随时掌握工作区的状态，使用git status命令。

如果git status告诉你有文件被修改过，用git diff可以查看修改内容。

